// ClientInterceptors defines the interface for all client-side interceptors.
// Client interceptors execute after the payload is encoded and before the request
// is sent to the server. The implementation is responsible for calling next to
// complete the request.
type ClientInterceptors interface {
	Validation(ctx context.Context, info *ValidationInfo, next goa.Endpoint) (any, error)
}

// WrapMethodClientEndpoint wraps the Method endpoint with the client
// interceptors defined in the design.
func WrapMethodClientEndpoint(endpoint goa.Endpoint, i ClientInterceptors) goa.Endpoint {
	endpoint = wrapClientMethodvalidation(endpoint, i)
	return endpoint
}
