

// wrapLoggingMethod applies the logging server interceptor to endpoints.
func wrapMethodLogging(endpoint goa.Endpoint, i ServerInterceptors) goa.Endpoint {
	return func(ctx context.Context, req any) (any, error) {
		info := &LoggingInfo{
			Service:    "SingleAPIServerInterceptor",
			Method:     "Method",
			Endpoint:   endpoint,
			RawPayload: req,
		}
		return i.Logging(ctx, info, endpoint)
	}
}

// wrapLoggingMethod2 applies the logging server interceptor to endpoints.
func wrapMethod2Logging(endpoint goa.Endpoint, i ServerInterceptors) goa.Endpoint {
	return func(ctx context.Context, req any) (any, error) {
		info := &LoggingInfo{
			Service:    "SingleAPIServerInterceptor",
			Method:     "Method2",
			Endpoint:   endpoint,
			RawPayload: req,
		}
		return i.Logging(ctx, info, endpoint)
	}
}