// ServerInterceptors defines the interface for all server-side interceptors.
// Server interceptors execute after the request is decoded and before the
// payload is sent to the service. The implementation is responsible for calling
// next to complete the request.
type ServerInterceptors interface {
	Logging(ctx context.Context, info *LoggingInfo, next goa.Endpoint) (any, error)
}

// Access interfaces for interceptor payloads and results
type (
	// LoggingInfo provides metadata about the current interception.
	// It includes service name, method name, and access to the endpoint.
	LoggingInfo goa.InterceptorInfo
)

// WrapMethodEndpoint wraps the Method endpoint with the server-side
// interceptors defined in the design.
func WrapMethodEndpoint(endpoint goa.Endpoint, i ServerInterceptors) goa.Endpoint {
	endpoint = wrapMethodlogging(endpoint, i)
	return endpoint
}

// WrapMethod2Endpoint wraps the Method2 endpoint with the server-side
// interceptors defined in the design.
func WrapMethod2Endpoint(endpoint goa.Endpoint, i ServerInterceptors) goa.Endpoint {
	endpoint = wrapMethod2logging(endpoint, i)
	return endpoint
}

