

// wrapLoggingMethod applies the logging server interceptor to endpoints.
func wrapMethodLogging(endpoint goa.Endpoint, i ServerInterceptors) goa.Endpoint {
	return func(ctx context.Context, req any) (any, error) {
		info := &LoggingInfo{
			Service:    "StreamingInterceptors",
			Method:     "Method",
			Endpoint:   endpoint,
			RawPayload: req.(*MethodServerStream).Payload,
		}
		return i.Logging(ctx, info, endpoint)
	}
}