// Code generated by goa v3.19.1, DO NOT EDIT.
//
// APIInterceptorService example server interceptors
//
// Command:
// goa

package interceptors

import (
	apiinterceptorservice "api_interceptor_service"
	"context"
	"fmt"
	"goa.design/clue/log"
	goa "goa.design/goa/v3/pkg"
)

// APIInterceptorServiceServerInterceptors implements the server interceptor for the APIInterceptorService service.
type APIInterceptorServiceServerInterceptors struct {
}

// NewAPIInterceptorServiceServerInterceptors creates a new server interceptor for the APIInterceptorService service.
func NewAPIInterceptorServiceServerInterceptors() *APIInterceptorServiceServerInterceptors {
	return &APIInterceptorServiceServerInterceptors{}
}
func (i *APIInterceptorServiceServerInterceptors) API(ctx context.Context, info *interceptors.APIInfo, next goa.Endpoint) (any, error) {
	log.Printf(ctx, "[API] Processing request: %v", info.RawPayload)
	resp, err := next(ctx, info.RawPayload)
	if err != nil {
		log.Printf(ctx, "[API] Error: %v", err)
		return nil, err
	}
	log.Printf(ctx, "[API] Response: %v", resp)
	return resp, nil
}
