// Code generated by goa v3.19.1, DO NOT EDIT.
//
// APIInterceptorService example client interceptors
//
// Command:
// goa

package interceptors

import (
	apiinterceptorservice "api_interceptor_service"
	"context"
	"fmt"
	"goa.design/clue/log"
	goa "goa.design/goa/v3/pkg"
)

// APIInterceptorServiceClientInterceptors implements the client interceptors for the APIInterceptorService service.
type APIInterceptorServiceClientInterceptors struct {
}

// NewAPIInterceptorServiceClientInterceptors creates a new client interceptor for the APIInterceptorService service.
func NewAPIInterceptorServiceClientInterceptors() *APIInterceptorServiceClientInterceptors {
	return &APIInterceptorServiceClientInterceptors{}
}
func (i *APIInterceptorServiceClientInterceptors) API(ctx context.Context, info *interceptors.APIInfo, next goa.Endpoint) (any, error) {
	log.Printf(ctx, "[API] Sending request: %v", info.RawPayload)
	resp, err := next(ctx, info.RawPayload)
	if err != nil {
		log.Printf(ctx, "[API] Error: %v", err)
		return nil, err
	}
	log.Printf(ctx, "[API] Received response: %v", resp)
	return resp, nil
}
