// Code generated by goa v3.19.1, DO NOT EDIT.
//
// MultipleInterceptorsService example server interceptors
//
// Command:
// goa

package interceptors

import (
	"context"
	"fmt"
	"goa.design/clue/log"
	goa "goa.design/goa/v3/pkg"
	multipleinterceptorsservice "multiple_interceptors_service"
)

// MultipleInterceptorsServiceServerInterceptors implements the server interceptor for the MultipleInterceptorsService service.
type MultipleInterceptorsServiceServerInterceptors struct {
}

// NewMultipleInterceptorsServiceServerInterceptors creates a new server interceptor for the MultipleInterceptorsService service.
func NewMultipleInterceptorsServiceServerInterceptors() *MultipleInterceptorsServiceServerInterceptors {
	return &MultipleInterceptorsServiceServerInterceptors{}
}
func (i *MultipleInterceptorsServiceServerInterceptors) Test(ctx context.Context, info *interceptors.TestInfo, next goa.Endpoint) (any, error) {
	log.Printf(ctx, "[Test] Processing request: %v", info.RawPayload)
	resp, err := next(ctx, info.RawPayload)
	if err != nil {
		log.Printf(ctx, "[Test] Error: %v", err)
		return nil, err
	}
	log.Printf(ctx, "[Test] Response: %v", resp)
	return resp, nil
}
func (i *MultipleInterceptorsServiceServerInterceptors) Test3(ctx context.Context, info *interceptors.Test3Info, next goa.Endpoint) (any, error) {
	log.Printf(ctx, "[Test3] Processing request: %v", info.RawPayload)
	resp, err := next(ctx, info.RawPayload)
	if err != nil {
		log.Printf(ctx, "[Test3] Error: %v", err)
		return nil, err
	}
	log.Printf(ctx, "[Test3] Response: %v", resp)
	return resp, nil
}
