// Code generated by goa v3.19.1, DO NOT EDIT.
//
// MultipleServicesInterceptorsService2 example server interceptors
//
// Command:
// goa

package interceptors

import (
	"context"
	"fmt"
	"goa.design/clue/log"
	goa "goa.design/goa/v3/pkg"
	multipleservicesinterceptorsservice2 "multiple_services_interceptors_service2"
)

// MultipleServicesInterceptorsService2ServerInterceptors implements the server interceptor for the MultipleServicesInterceptorsService2 service.
type MultipleServicesInterceptorsService2ServerInterceptors struct {
}

// NewMultipleServicesInterceptorsService2ServerInterceptors creates a new server interceptor for the MultipleServicesInterceptorsService2 service.
func NewMultipleServicesInterceptorsService2ServerInterceptors() *MultipleServicesInterceptorsService2ServerInterceptors {
	return &MultipleServicesInterceptorsService2ServerInterceptors{}
}
func (i *MultipleServicesInterceptorsService2ServerInterceptors) Test(ctx context.Context, info *interceptors.TestInfo, next goa.Endpoint) (any, error) {
	log.Printf(ctx, "[Test] Processing request: %v", info.RawPayload)
	resp, err := next(ctx, info.RawPayload)
	if err != nil {
		log.Printf(ctx, "[Test] Error: %v", err)
		return nil, err
	}
	log.Printf(ctx, "[Test] Response: %v", resp)
	return resp, nil
}
func (i *MultipleServicesInterceptorsService2ServerInterceptors) Test3(ctx context.Context, info *interceptors.Test3Info, next goa.Endpoint) (any, error) {
	log.Printf(ctx, "[Test3] Processing request: %v", info.RawPayload)
	resp, err := next(ctx, info.RawPayload)
	if err != nil {
		log.Printf(ctx, "[Test3] Error: %v", err)
		return nil, err
	}
	log.Printf(ctx, "[Test3] Response: %v", resp)
	return resp, nil
}
