// Code generated by goa v3.19.1, DO NOT EDIT.
//
// ServerInterceptorService example server interceptors
//
// Command:
// goa

package interceptors

import (
	"context"
	"fmt"
	"goa.design/clue/log"
	goa "goa.design/goa/v3/pkg"
	serverinterceptorservice "server_interceptor_service"
)

// ServerInterceptorServiceServerInterceptors implements the server interceptor for the ServerInterceptorService service.
type ServerInterceptorServiceServerInterceptors struct {
}

// NewServerInterceptorServiceServerInterceptors creates a new server interceptor for the ServerInterceptorService service.
func NewServerInterceptorServiceServerInterceptors() *ServerInterceptorServiceServerInterceptors {
	return &ServerInterceptorServiceServerInterceptors{}
}
func (i *ServerInterceptorServiceServerInterceptors) Test(ctx context.Context, info *interceptors.TestInfo, next goa.Endpoint) (any, error) {
	log.Printf(ctx, "[Test] Processing request: %v", info.RawPayload)
	resp, err := next(ctx, info.RawPayload)
	if err != nil {
		log.Printf(ctx, "[Test] Error: %v", err)
		return nil, err
	}
	log.Printf(ctx, "[Test] Response: %v", resp)
	return resp, nil
}
